[debug] [2026-03-08T07:51:26.515Z] ----------------------------------------------------------------------
[debug] [2026-03-08T07:51:26.522Z] Command:       C:\Program Files\nodejs\node.exe C:\Program Files\nodejs\node_modules\firebase-tools\lib\bin\firebase.js init
[debug] [2026-03-08T07:51:26.523Z] CLI Version:   15.9.0
[debug] [2026-03-08T07:51:26.523Z] Platform:      win32
[debug] [2026-03-08T07:51:26.523Z] Node Version:  v22.21.1
[debug] [2026-03-08T07:51:26.524Z] Time:          Sun Mar 08 2026 09:51:26 GMT+0200 (Israel Standard Time)
[debug] [2026-03-08T07:51:26.524Z] ----------------------------------------------------------------------
[debug] 
[debug] [2026-03-08T07:51:26.531Z] >>> [apiv2][query] GET https://firebase-public.firebaseio.com/cli.json [none]
[info] 
     ######## #### ########  ######## ########     ###     ######  ########
     ##        ##  ##     ## ##       ##     ##  ##   ##  ##       ##
     ######    ##  ########  ######   ########  #########  ######  ######
     ##        ##  ##    ##  ##       ##     ## ##     ##       ## ##
     ##       #### ##     ## ######## ########  ##     ##  ######  ########

You're about to initialize a Firebase project in this directory:

  C:\Projects\avraham

Before we get started, keep in mind:

  * You are currently outside your home directory

[debug] [2026-03-08T07:51:33.996Z] <<< [apiv2][status] GET https://firebase-public.firebaseio.com/cli.json 200
[debug] [2026-03-08T07:51:33.996Z] <<< [apiv2][body] GET https://firebase-public.firebaseio.com/cli.json {"cloudBuildErrorAfter":1594252800000,"cloudBuildWarnAfter":1590019200000,"defaultNode10After":1594252800000,"minVersion":"3.0.5","node8DeploysDisabledAfter":1613390400000,"node8RuntimeDisabledAfter":1615809600000,"node8WarnAfter":1600128000000}
